------------------------------------------------------------
Timing Analyzer Summary
------------------------------------------------------------

Type  : Slow 1100mV 85C Model Setup 'clk'
Slack : 2.377
TNS   : 0.000

Type  : Slow 1100mV 85C Model Hold 'clk'
Slack : 0.462
TNS   : 0.000

Type  : Slow 1100mV 85C Model Minimum Pulse Width 'clk'
Slack : 4.264
TNS   : 0.000

Type  : Slow 1100mV 0C Model Setup 'clk'
Slack : 2.325
TNS   : 0.000

Type  : Slow 1100mV 0C Model Hold 'clk'
Slack : 0.139
TNS   : 0.000

Type  : Slow 1100mV 0C Model Minimum Pulse Width 'clk'
Slack : 4.157
TNS   : 0.000

Type  : Fast 1100mV 85C Model Setup 'clk'
Slack : 5.132
TNS   : 0.000

Type  : Fast 1100mV 85C Model Hold 'clk'
Slack : 0.181
TNS   : 0.000

Type  : Fast 1100mV 85C Model Minimum Pulse Width 'clk'
Slack : 4.441
TNS   : 0.000

Type  : Fast 1100mV 0C Model Setup 'clk'
Slack : 5.304
TNS   : 0.000

Type  : Fast 1100mV 0C Model Hold 'clk'
Slack : 0.172
TNS   : 0.000

Type  : Fast 1100mV 0C Model Minimum Pulse Width 'clk'
Slack : 4.440
TNS   : 0.000

------------------------------------------------------------
